// Jest Snapshot v1, https://goo.gl/fbAQLP

exports[`test <InputSearch /> debe coincidir con el snapshot 1`] = `
<div>
  <input
    class="form-control"
    name="search"
    placeholder="Buscar"
    type="text"
    value=""
  />
</div>
`;
