// Jest Snapshot v1, https://goo.gl/fbAQLP

exports[`test <InputSearch /> debe coincidir con el snapshot 1`] = `
<div>
  <div
    class="h1"
    style="cursor: pointer;"
  >
    -
  </div>
  <div
    class="h1"
    style="cursor: pointer;"
  >
    +
  </div>
</div>
`;
